// Jest Snapshot v1, https://goo.gl/fbAQLP

exports[`<Card /> renders correctly 1`] = `
<div
  class="css-17z98u"
>
  <div>
    Hello World
  </div>
</div>
`;
