// Jest Snapshot v1, https://goo.gl/fbAQLP

exports[`MenuIcon renders correctly 1`] = `
<div
  className="css-5eaigi css-183znxx0"
  onClick={[Function]}
>
  <div
    className="css-m56tt4 css-183znxx1"
  >
    <span
      className="css-190cys6 css-183znxx2"
    />
    <span
      className="css-1nmu6z9 css-183znxx3"
    />
    <span
      className="css-g78e9d css-183znxx4"
    />
  </div>
</div>
`;
